17-04_en-2
3-11_fr-3
31-07_de-3
25-07_fr-1
21-08_en-2