(1907)
1935..1937
1939..1940
1942
1943
1945?
WIP

to check:
- 1935-1986